// Jest Snapshot v1, https://goo.gl/fbAQLP

exports[`PhoneInput should render correctly 1`] = `
<View
  style={
    [
      {
        "backgroundColor": "white",
        "borderRadius": 10,
        "height": "auto",
        "padding": 10,
        "width": "100%",
      },
      {
        "elevation": 20,
        "shadowColor": "#16196670",
        "shadowOffset": {
          "height": 6,
          "width": 0,
        },
        "shadowOpacity": 0.08,
        "shadowRadius": 16,
      },
      [
        {
          "paddingHorizontal": 20,
        },
        {
          "alignItems": "center",
          "flexDirection": "row",
          "gap": 7,
        },
      ],
    ]
  }
  testID="universal-container"
>
  <View
    style={
      {
        "alignItems": "center",
        "flexDirection": "row",
        "gap": 7,
      }
    }
  >
    <Image
      source={1}
      style={
        {
          "resizeMode": "contain",
          "width": 20,
        }
      }
    />
    <Text
      style={
        [
          {
            "color": "#1B1D4D",
            "fontFamily": "MulishRegular",
            "fontSize": 16,
          },
          {
            "color": "#4C4C60",
            "fontFamily": "MulishRegular",
            "fontSize": 14,
          },
        ]
      }
    >
      +17
    </Text>
  </View>
  <Text
    style={
      [
        {
          "color": "#1B1D4D",
          "fontFamily": "MulishRegular",
          "fontSize": 16,
        },
        {
          "color": "#4C4C60",
          "fontFamily": "MulishRegular",
          "fontSize": 14,
        },
      ]
    }
  >
    |
  </Text>
  <TextInput
    keyboardType="number-pad"
    maxLength={9}
    onChangeText={[Function]}
    placeholder="xxxxxxxxx"
    style={
      [
        {
          "width": 100,
        },
        {
          "color": "#4C4C60",
          "fontFamily": "MulishRegular",
          "fontSize": 14,
        },
      ]
    }
  />
</View>
`;
