// Jest Snapshot v1, https://goo.gl/fbAQLP

exports[`MoneyBox should render correctly 1`] = `
<View
  style={
    [
      {
        "backgroundColor": "white",
        "borderRadius": 10,
        "height": "auto",
        "padding": 10,
        "width": "100%",
      },
      {
        "elevation": 20,
        "shadowColor": "#161966",
        "shadowOffset": {
          "height": 6,
          "width": 0,
        },
        "shadowOpacity": 0.08,
        "shadowRadius": 16,
      },
      {
        "gap": 10,
        "padding": 21,
      },
    ]
  }
  testID="universal-container"
>
  <View
    style={
      {
        "alignItems": "center",
        "flexDirection": "row",
        "gap": 7,
      }
    }
  >
    <SvgMock />
    <Text
      style={
        [
          {
            "color": "white",
            "fontFamily": "MulishRegular",
          },
          {
            "color": "#1B1D4D",
          },
        ]
      }
    >
      New iPhone Pro Max
    </Text>
    <View
      style={
        {
          "alignItems": "flex-end",
          "flexDirection": "row",
          "marginLeft": "auto",
        }
      }
    >
      <Text
        style={
          [
            {
              "color": "white",
              "fontFamily": "MulishRegular",
            },
            {
              "color": "#1B1D4D",
              "fontSize": 20,
            },
          ]
        }
      >
        1200
        .
      </Text>
      <View
        style={
          {
            "alignItems": "flex-end",
            "flexDirection": "row",
            "paddingBottom": 2,
          }
        }
      >
        <Text
          style={
            [
              {
                "color": "white",
                "fontFamily": "MulishRegular",
              },
              {
                "color": "#1B1D4D",
                "fontSize": 14,
              },
            ]
          }
        >
          00
        </Text>
        <Text
          style={
            [
              {
                "color": "white",
                "fontFamily": "MulishBold",
              },
              {
                "color": "#1B1D4D",
                "fontSize": 14,
                "marginLeft": 4,
              },
            ]
          }
        >
          USD
        </Text>
      </View>
    </View>
  </View>
  <View>
    <View
      accessibilityRole="progressbar"
      accessibilityState={
        {
          "busy": true,
        }
      }
      accessibilityValue={
        {
          "max": 100,
          "min": 0,
          "now": 54.189166666666665,
        }
      }
      accessible={true}
      onLayout={[Function]}
      style={false}
    >
      <View
        collapsable={false}
        style={
          {
            "backgroundColor": "rgba(231, 224, 236, 1)",
            "borderRadius": 10,
            "height": 5,
            "opacity": 0,
            "overflow": "hidden",
          }
        }
      />
    </View>
    <View
      style={
        {
          "alignItems": "flex-end",
          "flexDirection": "row",
          "justifyContent": "center",
          "marginTop": 5,
        }
      }
    >
      <Text
        style={
          [
            {
              "color": "#4C4C60",
              "fontFamily": "MulishRegular",
              "fontSize": 12,
            },
            {
              "fontSize": 12,
            },
          ]
        }
      >
        650
        .
      </Text>
      <View
        style={
          {
            "alignItems": "flex-end",
            "flexDirection": "row",
            "paddingBottom": 1,
          }
        }
      >
        <Text
          style={
            [
              {
                "color": "#4C4C60",
                "fontFamily": "MulishRegular",
                "fontSize": 12,
              },
              {
                "fontSize": 8,
              },
            ]
          }
        >
          27
        </Text>
        <Text
          style={
            [
              {
                "color": "#4C4C60",
                "fontFamily": "MulishRegular",
                "fontSize": 12,
              },
              {
                "fontSize": 8,
                "marginLeft": 3,
              },
            ]
          }
        >
          USD
        </Text>
      </View>
    </View>
  </View>
  <View
    style={
      {
        "flexDirection": "row",
        "gap": 8,
        "justifyContent": "space-between",
      }
    }
  >
    <View
      accessibilityState={
        {
          "busy": undefined,
          "checked": undefined,
          "disabled": undefined,
          "expanded": undefined,
          "selected": undefined,
        }
      }
      accessibilityValue={
        {
          "max": undefined,
          "min": undefined,
          "now": undefined,
          "text": undefined,
        }
      }
      accessible={true}
      collapsable={false}
      focusable={false}
      onClick={[Function]}
      onResponderGrant={[Function]}
      onResponderMove={[Function]}
      onResponderRelease={[Function]}
      onResponderTerminate={[Function]}
      onResponderTerminationRequest={[Function]}
      onStartShouldSetResponder={[Function]}
      style={
        {
          "opacity": 1,
          "width": "50%",
        }
      }
    >
      <ViewManagerAdapter_ExpoLinearGradient
        proxiedProperties={
          {
            "colors": [
              4283804910,
              4283804910,
            ],
            "endPoint": [
              1,
              0.5,
            ],
            "locations": undefined,
            "startPoint": [
              0,
              0.5,
            ],
          }
        }
        style={
          [
            {
              "borderRadius": 10,
              "padding": 15,
            },
            {
              "padding": 8,
            },
            false,
          ]
        }
      >
        <Text
          style={
            [
              {
                "fontFamily": "MulishSemiBold",
                "fontSize": 16,
                "textAlign": "center",
              },
              false,
              false,
              [
                {
                  "fontSize": 12,
                },
                {
                  "color": "white",
                  "fontFamily": "MulishSemiBold",
                },
              ],
            ]
          }
        >
          Top - Up
        </Text>
      </ViewManagerAdapter_ExpoLinearGradient>
    </View>
    <View
      accessibilityState={
        {
          "busy": undefined,
          "checked": undefined,
          "disabled": undefined,
          "expanded": undefined,
          "selected": undefined,
        }
      }
      accessibilityValue={
        {
          "max": undefined,
          "min": undefined,
          "now": undefined,
          "text": undefined,
        }
      }
      accessible={true}
      collapsable={false}
      focusable={false}
      onClick={[Function]}
      onResponderGrant={[Function]}
      onResponderMove={[Function]}
      onResponderRelease={[Function]}
      onResponderTerminate={[Function]}
      onResponderTerminationRequest={[Function]}
      onStartShouldSetResponder={[Function]}
      style={
        {
          "opacity": 1,
          "width": "50%",
        }
      }
    >
      <ViewManagerAdapter_ExpoLinearGradient
        proxiedProperties={
          {
            "colors": [
              4282299024,
              4282299024,
            ],
            "endPoint": [
              1,
              0.5,
            ],
            "locations": undefined,
            "startPoint": [
              0,
              0.5,
            ],
          }
        }
        style={
          [
            {
              "borderRadius": 10,
              "padding": 15,
            },
            {
              "padding": 8,
            },
            false,
          ]
        }
      >
        <Text
          style={
            [
              {
                "fontFamily": "MulishSemiBold",
                "fontSize": 16,
                "textAlign": "center",
              },
              false,
              false,
              [
                {
                  "fontSize": 12,
                },
                {
                  "color": "white",
                  "fontFamily": "MulishSemiBold",
                },
              ],
            ]
          }
        >
          Withdrawal
        </Text>
      </ViewManagerAdapter_ExpoLinearGradient>
    </View>
  </View>
</View>
`;
