// Jest Snapshot v1, https://goo.gl/fbAQLP

exports[`CardIssuerRadioButton should render correctly 1`] = `
<View
  style={
    {
      "alignItems": "flex-start",
      "flexGrow": 0,
      "flexShrink": 1,
    }
  }
>
  <View
    style={
      [
        {
          "backgroundColor": "white",
          "borderRadius": 10,
          "height": "auto",
          "padding": 10,
          "width": "100%",
        },
        false,
        {
          "alignItems": "center",
          "backgroundColor": "white",
          "flexDirection": "row",
          "flexGrow": 0,
          "flexShrink": 1,
          "gap": 10,
          "justifyContent": "flex-start",
          "paddingHorizontal": 20,
          "width": "auto",
        },
      ]
    }
    testID="universal-container"
  >
    <View
      accessibilityState={
        {
          "busy": undefined,
          "checked": undefined,
          "disabled": undefined,
          "expanded": undefined,
          "selected": undefined,
        }
      }
      accessibilityValue={
        {
          "max": undefined,
          "min": undefined,
          "now": undefined,
          "text": undefined,
        }
      }
      accessible={true}
      collapsable={false}
      focusable={true}
      hitSlop={
        {
          "bottom": 10,
          "left": 10,
          "right": 10,
          "top": 10,
        }
      }
      onBlur={[Function]}
      onClick={[Function]}
      onFocus={[Function]}
      onResponderGrant={[Function]}
      onResponderMove={[Function]}
      onResponderRelease={[Function]}
      onResponderTerminate={[Function]}
      onResponderTerminationRequest={[Function]}
      onStartShouldSetResponder={[Function]}
      style={
        {
          "alignItems": "center",
          "borderColor": "#CED6E1",
          "borderRadius": 100,
          "borderWidth": 2,
          "height": 18,
          "justifyContent": "center",
          "width": 18,
        }
      }
    >
      <View
        animatedStyle={
          {
            "value": {
              "height": 0,
              "width": 0,
            },
          }
        }
        collapsable={false}
        style={
          {
            "backgroundColor": "#3EB290",
            "borderRadius": 100,
            "height": 0,
            "width": 0,
          }
        }
      />
    </View>
    <Image
      source={1}
      style={
        {
          "maxHeight": 16,
          "resizeMode": "contain",
          "width": 40,
        }
      }
    />
  </View>
</View>
`;
