// Jest Snapshot v1, https://goo.gl/fbAQLP

exports[`EmailInput should render correctly 1`] = `
<View
  style={
    [
      {
        "backgroundColor": "white",
        "borderRadius": 10,
        "height": "auto",
        "padding": 10,
        "width": "100%",
      },
      {
        "elevation": 20,
        "shadowColor": "#16196670",
        "shadowOffset": {
          "height": 6,
          "width": 0,
        },
        "shadowOpacity": 0.08,
        "shadowRadius": 16,
      },
      [
        {
          "alignItems": "center",
          "borderColor": "white",
          "borderWidth": 1,
          "flexDirection": "row",
          "justifyContent": "space-between",
          "paddingHorizontal": 14,
        },
        undefined,
        false,
      ],
    ]
  }
  testID="universal-container"
>
  <TextInput
    keyboardType="default"
    onBlur={[Function]}
    onChangeText={[Function]}
    onFocus={[Function]}
    placeholder="Email"
    placeholderTextColor="#868698"
    secureTextEntry={false}
    style={
      [
        {
          "color": "white",
          "fontFamily": "MulishRegular",
        },
        {
          "color": "#1B1D4D",
          "marginRight": 10,
          "maxWidth": "93%",
          "width": "100%",
        },
        undefined,
        {
          "maxWidth": "100%",
        },
      ]
    }
  />
  <View
    accessibilityState={
      {
        "busy": undefined,
        "checked": undefined,
        "disabled": undefined,
        "expanded": undefined,
        "selected": undefined,
      }
    }
    accessibilityValue={
      {
        "max": undefined,
        "min": undefined,
        "now": undefined,
        "text": undefined,
      }
    }
    accessible={true}
    collapsable={false}
    focusable={true}
    hitSlop={10}
    onBlur={[Function]}
    onClick={[Function]}
    onFocus={[Function]}
    onResponderGrant={[Function]}
    onResponderMove={[Function]}
    onResponderRelease={[Function]}
    onResponderTerminate={[Function]}
    onResponderTerminationRequest={[Function]}
    onStartShouldSetResponder={[Function]}
    style={
      {
        "display": "none",
      }
    }
    testID="input-icon"
  >
    <Text />
  </View>
</View>
`;
