// Jest Snapshot v1, https://goo.gl/fbAQLP

exports[`SignInWithCodeTemplate should render correctly 1`] = `
<View
  style={
    {
      "flex": 1,
    }
  }
>
  <Image
    source={1}
    style={
      {
        "maxHeight": 723,
        "position": "absolute",
        "resizeMode": "contain",
        "width": 750,
      }
    }
  />
  <View
    style={
      {
        "alignItems": "center",
        "flex": 1,
        "gap": 30,
        "justifyContent": "center",
      }
    }
  >
    <Image
      source={1}
      style={
        {
          "borderRadius": 100,
          "height": 139.95,
          "width": 139.95,
        }
      }
    />
    <View
      style={
        {
          "alignItems": "center",
          "marginBottom": -10,
        }
      }
    >
      <Text
        style={
          [
            {
              "color": "#1B1D4D",
              "fontFamily": "MulishRegular",
              "fontSize": 16,
            },
            {
              "color": "#1B1D4D",
              "fontFamily": "MulishMedium",
              "fontSize": 20,
            },
          ]
        }
      >
        Cristina Wolf
      </Text>
      <Text
        style={
          [
            {
              "color": "#1B1D4D",
              "fontFamily": "MulishRegular",
              "fontSize": 16,
            },
            {
              "color": "#4C4C60",
              "fontFamily": "MulishMedium",
              "fontSize": 16,
            },
          ]
        }
      >
        Labore sunt
      </Text>
    </View>
    <View
      animatedStyle={
        {
          "value": {
            "transform": [
              {
                "translateX": 0,
              },
            ],
          },
        }
      }
      collapsable={false}
      style={
        {
          "flexDirection": "row",
          "gap": 12,
          "transform": [
            {
              "translateX": 0,
            },
          ],
        }
      }
    >
      <View
        style={
          [
            {
              "backgroundColor": "#1B1D4D",
              "borderRadius": 100,
              "height": 8,
              "width": 8,
            },
            {
              "opacity": 0.2,
            },
          ]
        }
      />
      <View
        style={
          [
            {
              "backgroundColor": "#1B1D4D",
              "borderRadius": 100,
              "height": 8,
              "width": 8,
            },
            {
              "opacity": 0.2,
            },
          ]
        }
      />
      <View
        style={
          [
            {
              "backgroundColor": "#1B1D4D",
              "borderRadius": 100,
              "height": 8,
              "width": 8,
            },
            {
              "opacity": 0.2,
            },
          ]
        }
      />
      <View
        style={
          [
            {
              "backgroundColor": "#1B1D4D",
              "borderRadius": 100,
              "height": 8,
              "width": 8,
            },
            {
              "opacity": 0.2,
            },
          ]
        }
      />
    </View>
    <View
      style={
        {
          "alignItems": "center",
          "flexDirection": "row",
          "flexWrap": "wrap",
          "gap": 10,
          "justifyContent": "center",
          "width": 519.975,
        }
      }
    >
      <View
        accessibilityState={
          {
            "busy": undefined,
            "checked": undefined,
            "disabled": undefined,
            "expanded": undefined,
            "selected": undefined,
          }
        }
        accessibilityValue={
          {
            "max": undefined,
            "min": undefined,
            "now": undefined,
            "text": undefined,
          }
        }
        accessible={true}
        collapsable={false}
        focusable={true}
        onClick={[Function]}
        onResponderGrant={[Function]}
        onResponderMove={[Function]}
        onResponderRelease={[Function]}
        onResponderTerminate={[Function]}
        onResponderTerminationRequest={[Function]}
        onStartShouldSetResponder={[Function]}
        style={
          {
            "opacity": 1,
          }
        }
      >
        <View
          style={
            [
              {
                "backgroundColor": "white",
                "borderRadius": 10,
                "height": "auto",
                "padding": 10,
                "width": "100%",
              },
              {
                "elevation": 20,
                "shadowColor": "#16196670",
                "shadowOffset": {
                  "height": 6,
                  "width": 0,
                },
                "shadowOpacity": 0.08,
                "shadowRadius": 16,
              },
              {
                "alignItems": "center",
                "height": 70,
                "justifyContent": "center",
                "width": 80,
              },
            ]
          }
          testID="universal-container"
        >
          <Text
            style={
              [
                {
                  "color": "#1B1D4D",
                  "fontFamily": "MulishRegular",
                  "fontSize": 16,
                },
                {
                  "color": "#1B1D4D",
                  "fontFamily": "MulishRegular",
                  "fontSize": 24,
                },
              ]
            }
          >
            1
          </Text>
        </View>
      </View>
      <View
        accessibilityState={
          {
            "busy": undefined,
            "checked": undefined,
            "disabled": undefined,
            "expanded": undefined,
            "selected": undefined,
          }
        }
        accessibilityValue={
          {
            "max": undefined,
            "min": undefined,
            "now": undefined,
            "text": undefined,
          }
        }
        accessible={true}
        collapsable={false}
        focusable={true}
        onClick={[Function]}
        onResponderGrant={[Function]}
        onResponderMove={[Function]}
        onResponderRelease={[Function]}
        onResponderTerminate={[Function]}
        onResponderTerminationRequest={[Function]}
        onStartShouldSetResponder={[Function]}
        style={
          {
            "opacity": 1,
          }
        }
      >
        <View
          style={
            [
              {
                "backgroundColor": "white",
                "borderRadius": 10,
                "height": "auto",
                "padding": 10,
                "width": "100%",
              },
              {
                "elevation": 20,
                "shadowColor": "#16196670",
                "shadowOffset": {
                  "height": 6,
                  "width": 0,
                },
                "shadowOpacity": 0.08,
                "shadowRadius": 16,
              },
              {
                "alignItems": "center",
                "height": 70,
                "justifyContent": "center",
                "width": 80,
              },
            ]
          }
          testID="universal-container"
        >
          <Text
            style={
              [
                {
                  "color": "#1B1D4D",
                  "fontFamily": "MulishRegular",
                  "fontSize": 16,
                },
                {
                  "color": "#1B1D4D",
                  "fontFamily": "MulishRegular",
                  "fontSize": 24,
                },
              ]
            }
          >
            2
          </Text>
        </View>
      </View>
      <View
        accessibilityState={
          {
            "busy": undefined,
            "checked": undefined,
            "disabled": undefined,
            "expanded": undefined,
            "selected": undefined,
          }
        }
        accessibilityValue={
          {
            "max": undefined,
            "min": undefined,
            "now": undefined,
            "text": undefined,
          }
        }
        accessible={true}
        collapsable={false}
        focusable={true}
        onClick={[Function]}
        onResponderGrant={[Function]}
        onResponderMove={[Function]}
        onResponderRelease={[Function]}
        onResponderTerminate={[Function]}
        onResponderTerminationRequest={[Function]}
        onStartShouldSetResponder={[Function]}
        style={
          {
            "opacity": 1,
          }
        }
      >
        <View
          style={
            [
              {
                "backgroundColor": "white",
                "borderRadius": 10,
                "height": "auto",
                "padding": 10,
                "width": "100%",
              },
              {
                "elevation": 20,
                "shadowColor": "#16196670",
                "shadowOffset": {
                  "height": 6,
                  "width": 0,
                },
                "shadowOpacity": 0.08,
                "shadowRadius": 16,
              },
              {
                "alignItems": "center",
                "height": 70,
                "justifyContent": "center",
                "width": 80,
              },
            ]
          }
          testID="universal-container"
        >
          <Text
            style={
              [
                {
                  "color": "#1B1D4D",
                  "fontFamily": "MulishRegular",
                  "fontSize": 16,
                },
                {
                  "color": "#1B1D4D",
                  "fontFamily": "MulishRegular",
                  "fontSize": 24,
                },
              ]
            }
          >
            3
          </Text>
        </View>
      </View>
      <View
        accessibilityState={
          {
            "busy": undefined,
            "checked": undefined,
            "disabled": undefined,
            "expanded": undefined,
            "selected": undefined,
          }
        }
        accessibilityValue={
          {
            "max": undefined,
            "min": undefined,
            "now": undefined,
            "text": undefined,
          }
        }
        accessible={true}
        collapsable={false}
        focusable={true}
        onClick={[Function]}
        onResponderGrant={[Function]}
        onResponderMove={[Function]}
        onResponderRelease={[Function]}
        onResponderTerminate={[Function]}
        onResponderTerminationRequest={[Function]}
        onStartShouldSetResponder={[Function]}
        style={
          {
            "opacity": 1,
          }
        }
      >
        <View
          style={
            [
              {
                "backgroundColor": "white",
                "borderRadius": 10,
                "height": "auto",
                "padding": 10,
                "width": "100%",
              },
              {
                "elevation": 20,
                "shadowColor": "#16196670",
                "shadowOffset": {
                  "height": 6,
                  "width": 0,
                },
                "shadowOpacity": 0.08,
                "shadowRadius": 16,
              },
              {
                "alignItems": "center",
                "height": 70,
                "justifyContent": "center",
                "width": 80,
              },
            ]
          }
          testID="universal-container"
        >
          <Text
            style={
              [
                {
                  "color": "#1B1D4D",
                  "fontFamily": "MulishRegular",
                  "fontSize": 16,
                },
                {
                  "color": "#1B1D4D",
                  "fontFamily": "MulishRegular",
                  "fontSize": 24,
                },
              ]
            }
          >
            4
          </Text>
        </View>
      </View>
      <View
        accessibilityState={
          {
            "busy": undefined,
            "checked": undefined,
            "disabled": undefined,
            "expanded": undefined,
            "selected": undefined,
          }
        }
        accessibilityValue={
          {
            "max": undefined,
            "min": undefined,
            "now": undefined,
            "text": undefined,
          }
        }
        accessible={true}
        collapsable={false}
        focusable={true}
        onClick={[Function]}
        onResponderGrant={[Function]}
        onResponderMove={[Function]}
        onResponderRelease={[Function]}
        onResponderTerminate={[Function]}
        onResponderTerminationRequest={[Function]}
        onStartShouldSetResponder={[Function]}
        style={
          {
            "opacity": 1,
          }
        }
      >
        <View
          style={
            [
              {
                "backgroundColor": "white",
                "borderRadius": 10,
                "height": "auto",
                "padding": 10,
                "width": "100%",
              },
              {
                "elevation": 20,
                "shadowColor": "#16196670",
                "shadowOffset": {
                  "height": 6,
                  "width": 0,
                },
                "shadowOpacity": 0.08,
                "shadowRadius": 16,
              },
              {
                "alignItems": "center",
                "height": 70,
                "justifyContent": "center",
                "width": 80,
              },
            ]
          }
          testID="universal-container"
        >
          <Text
            style={
              [
                {
                  "color": "#1B1D4D",
                  "fontFamily": "MulishRegular",
                  "fontSize": 16,
                },
                {
                  "color": "#1B1D4D",
                  "fontFamily": "MulishRegular",
                  "fontSize": 24,
                },
              ]
            }
          >
            5
          </Text>
        </View>
      </View>
      <View
        accessibilityState={
          {
            "busy": undefined,
            "checked": undefined,
            "disabled": undefined,
            "expanded": undefined,
            "selected": undefined,
          }
        }
        accessibilityValue={
          {
            "max": undefined,
            "min": undefined,
            "now": undefined,
            "text": undefined,
          }
        }
        accessible={true}
        collapsable={false}
        focusable={true}
        onClick={[Function]}
        onResponderGrant={[Function]}
        onResponderMove={[Function]}
        onResponderRelease={[Function]}
        onResponderTerminate={[Function]}
        onResponderTerminationRequest={[Function]}
        onStartShouldSetResponder={[Function]}
        style={
          {
            "opacity": 1,
          }
        }
      >
        <View
          style={
            [
              {
                "backgroundColor": "white",
                "borderRadius": 10,
                "height": "auto",
                "padding": 10,
                "width": "100%",
              },
              {
                "elevation": 20,
                "shadowColor": "#16196670",
                "shadowOffset": {
                  "height": 6,
                  "width": 0,
                },
                "shadowOpacity": 0.08,
                "shadowRadius": 16,
              },
              {
                "alignItems": "center",
                "height": 70,
                "justifyContent": "center",
                "width": 80,
              },
            ]
          }
          testID="universal-container"
        >
          <Text
            style={
              [
                {
                  "color": "#1B1D4D",
                  "fontFamily": "MulishRegular",
                  "fontSize": 16,
                },
                {
                  "color": "#1B1D4D",
                  "fontFamily": "MulishRegular",
                  "fontSize": 24,
                },
              ]
            }
          >
            6
          </Text>
        </View>
      </View>
      <View
        accessibilityState={
          {
            "busy": undefined,
            "checked": undefined,
            "disabled": undefined,
            "expanded": undefined,
            "selected": undefined,
          }
        }
        accessibilityValue={
          {
            "max": undefined,
            "min": undefined,
            "now": undefined,
            "text": undefined,
          }
        }
        accessible={true}
        collapsable={false}
        focusable={true}
        onClick={[Function]}
        onResponderGrant={[Function]}
        onResponderMove={[Function]}
        onResponderRelease={[Function]}
        onResponderTerminate={[Function]}
        onResponderTerminationRequest={[Function]}
        onStartShouldSetResponder={[Function]}
        style={
          {
            "opacity": 1,
          }
        }
      >
        <View
          style={
            [
              {
                "backgroundColor": "white",
                "borderRadius": 10,
                "height": "auto",
                "padding": 10,
                "width": "100%",
              },
              {
                "elevation": 20,
                "shadowColor": "#16196670",
                "shadowOffset": {
                  "height": 6,
                  "width": 0,
                },
                "shadowOpacity": 0.08,
                "shadowRadius": 16,
              },
              {
                "alignItems": "center",
                "height": 70,
                "justifyContent": "center",
                "width": 80,
              },
            ]
          }
          testID="universal-container"
        >
          <Text
            style={
              [
                {
                  "color": "#1B1D4D",
                  "fontFamily": "MulishRegular",
                  "fontSize": 16,
                },
                {
                  "color": "#1B1D4D",
                  "fontFamily": "MulishRegular",
                  "fontSize": 24,
                },
              ]
            }
          >
            7
          </Text>
        </View>
      </View>
      <View
        accessibilityState={
          {
            "busy": undefined,
            "checked": undefined,
            "disabled": undefined,
            "expanded": undefined,
            "selected": undefined,
          }
        }
        accessibilityValue={
          {
            "max": undefined,
            "min": undefined,
            "now": undefined,
            "text": undefined,
          }
        }
        accessible={true}
        collapsable={false}
        focusable={true}
        onClick={[Function]}
        onResponderGrant={[Function]}
        onResponderMove={[Function]}
        onResponderRelease={[Function]}
        onResponderTerminate={[Function]}
        onResponderTerminationRequest={[Function]}
        onStartShouldSetResponder={[Function]}
        style={
          {
            "opacity": 1,
          }
        }
      >
        <View
          style={
            [
              {
                "backgroundColor": "white",
                "borderRadius": 10,
                "height": "auto",
                "padding": 10,
                "width": "100%",
              },
              {
                "elevation": 20,
                "shadowColor": "#16196670",
                "shadowOffset": {
                  "height": 6,
                  "width": 0,
                },
                "shadowOpacity": 0.08,
                "shadowRadius": 16,
              },
              {
                "alignItems": "center",
                "height": 70,
                "justifyContent": "center",
                "width": 80,
              },
            ]
          }
          testID="universal-container"
        >
          <Text
            style={
              [
                {
                  "color": "#1B1D4D",
                  "fontFamily": "MulishRegular",
                  "fontSize": 16,
                },
                {
                  "color": "#1B1D4D",
                  "fontFamily": "MulishRegular",
                  "fontSize": 24,
                },
              ]
            }
          >
            8
          </Text>
        </View>
      </View>
      <View
        accessibilityState={
          {
            "busy": undefined,
            "checked": undefined,
            "disabled": undefined,
            "expanded": undefined,
            "selected": undefined,
          }
        }
        accessibilityValue={
          {
            "max": undefined,
            "min": undefined,
            "now": undefined,
            "text": undefined,
          }
        }
        accessible={true}
        collapsable={false}
        focusable={true}
        onClick={[Function]}
        onResponderGrant={[Function]}
        onResponderMove={[Function]}
        onResponderRelease={[Function]}
        onResponderTerminate={[Function]}
        onResponderTerminationRequest={[Function]}
        onStartShouldSetResponder={[Function]}
        style={
          {
            "opacity": 1,
          }
        }
      >
        <View
          style={
            [
              {
                "backgroundColor": "white",
                "borderRadius": 10,
                "height": "auto",
                "padding": 10,
                "width": "100%",
              },
              {
                "elevation": 20,
                "shadowColor": "#16196670",
                "shadowOffset": {
                  "height": 6,
                  "width": 0,
                },
                "shadowOpacity": 0.08,
                "shadowRadius": 16,
              },
              {
                "alignItems": "center",
                "height": 70,
                "justifyContent": "center",
                "width": 80,
              },
            ]
          }
          testID="universal-container"
        >
          <Text
            style={
              [
                {
                  "color": "#1B1D4D",
                  "fontFamily": "MulishRegular",
                  "fontSize": 16,
                },
                {
                  "color": "#1B1D4D",
                  "fontFamily": "MulishRegular",
                  "fontSize": 24,
                },
              ]
            }
          >
            9
          </Text>
        </View>
      </View>
      <View
        style={
          [
            {
              "backgroundColor": "white",
              "borderRadius": 10,
              "height": "auto",
              "padding": 10,
              "width": "100%",
            },
            {
              "elevation": 20,
              "shadowColor": "#16196670",
              "shadowOffset": {
                "height": 6,
                "width": 0,
              },
              "shadowOpacity": 0.08,
              "shadowRadius": 16,
            },
            {
              "alignItems": "center",
              "height": 70,
              "justifyContent": "center",
              "width": 80,
            },
          ]
        }
        testID="universal-container"
      >
        <SvgMock />
      </View>
      <View
        accessibilityState={
          {
            "busy": undefined,
            "checked": undefined,
            "disabled": undefined,
            "expanded": undefined,
            "selected": undefined,
          }
        }
        accessibilityValue={
          {
            "max": undefined,
            "min": undefined,
            "now": undefined,
            "text": undefined,
          }
        }
        accessible={true}
        collapsable={false}
        focusable={true}
        onClick={[Function]}
        onResponderGrant={[Function]}
        onResponderMove={[Function]}
        onResponderRelease={[Function]}
        onResponderTerminate={[Function]}
        onResponderTerminationRequest={[Function]}
        onStartShouldSetResponder={[Function]}
        style={
          {
            "opacity": 1,
          }
        }
      >
        <View
          style={
            [
              {
                "backgroundColor": "white",
                "borderRadius": 10,
                "height": "auto",
                "padding": 10,
                "width": "100%",
              },
              {
                "elevation": 20,
                "shadowColor": "#16196670",
                "shadowOffset": {
                  "height": 6,
                  "width": 0,
                },
                "shadowOpacity": 0.08,
                "shadowRadius": 16,
              },
              {
                "alignItems": "center",
                "height": 70,
                "justifyContent": "center",
                "width": 80,
              },
            ]
          }
          testID="universal-container"
        >
          <Text
            style={
              [
                {
                  "color": "#1B1D4D",
                  "fontFamily": "MulishRegular",
                  "fontSize": 16,
                },
                {
                  "color": "#1B1D4D",
                  "fontFamily": "MulishRegular",
                  "fontSize": 24,
                },
              ]
            }
          >
            0
          </Text>
        </View>
      </View>
      <View
        style={
          [
            {
              "backgroundColor": "white",
              "borderRadius": 10,
              "height": "auto",
              "padding": 10,
              "width": "100%",
            },
            {
              "elevation": 20,
              "shadowColor": "#16196670",
              "shadowOffset": {
                "height": 6,
                "width": 0,
              },
              "shadowOpacity": 0.08,
              "shadowRadius": 16,
            },
            {
              "alignItems": "center",
              "height": 70,
              "justifyContent": "center",
              "width": 80,
            },
          ]
        }
        testID="universal-container"
      >
        <SvgMock />
      </View>
    </View>
    <Text
      style={
        [
          {
            "color": "#1B1D4D",
            "fontFamily": "MulishRegular",
            "fontSize": 16,
          },
          [
            {
              "color": "#FF5887",
              "fontFamily": "MulishRegular",
              "fontSize": 16,
            },
            undefined,
          ],
        ]
      }
    >
      Lost your password?
    </Text>
    <Text
      style={
        [
          {
            "color": "#1B1D4D",
            "fontFamily": "MulishRegular",
            "fontSize": 16,
          },
          [
            {
              "color": "#FF5887",
              "fontFamily": "MulishRegular",
              "fontSize": 16,
            },
            undefined,
          ],
        ]
      }
    >
      Switch user
    </Text>
  </View>
</View>
`;
