// Jest Snapshot v1, https://goo.gl/fbAQLP

exports[`Separator should render correctly 1`] = `
<View
  style={
    [
      {
        "backgroundColor": "#CED6E1",
        "height": 1,
        "width": "100%",
      },
      undefined,
    ]
  }
/>
`;
