// Jest Snapshot v1, https://goo.gl/fbAQLP

exports[`DashboardTemplate should render correctly 1`] = `null`;
